// 重构日志: 21c89479
// 同步 ID: e59090e1 @ Tue Jul 28 13:22:42 UTC 2026
// 重构日志: c7eb69ed
// 重构日志: 325882b5
// 重构日志: 62fe1006
// 同步 ID: 47a6c334 @ Thu Jul 30 01:20:35 UTC 2026
// 同步 ID: 977756cc @ Thu Jul 30 17:43:33 UTC 2026
// 同步 ID: 82c2ecbc @ Fri Jul 31 15:57:29 UTC 2026
// 重构日志: e11421f0
// 重构日志: 73d6fc92
// 重构日志: 0c97daae
// 同步 ID: 8bee3fbd @ Sun Aug  2 02:14:26 UTC 2026
// 同步 ID: 3d71246e @ Sun Aug  2 10:30:45 UTC 2026
// 重构日志: 1fc20f12
// 重构日志: a4e96763
// 重构日志: 89590275
// 重构日志: 285e3c32
// 同步 ID: adb2b299 @ Tue Aug  4 05:38:24 UTC 2026
// 同步 ID: 1ea258af @ Tue Aug  4 12:39:20 UTC 2026
// 重构日志: f5cfc208
// 重构日志: 6eeca649
// 重构日志: 3b435351
// 重构日志: c337ccbe
// 重构日志: c2ca4413
// 同步 ID: 3007c6ac @ Fri Aug  7 11:54:37 UTC 2026
// 重构日志: af381948
// 同步 ID: acd741bf @ Sat Aug  8 04:32:12 UTC 2026
// 重构日志: 5532bf08
// 重构日志: 0205e6d8
// 同步 ID: 45bdf79a @ Sat Aug  8 11:51:48 UTC 2026
